I'm sorry, but errors were detected in your script. Please correct the
errors listed below, and try again.


File "game/script.rpy", line 1: init statement expects a non-empty block.
    init:
         ^

Ren'Py Version: Ren'Py 7.1.0.882
Wed Nov 21 15:37:45 2018
